MO dmext NULL dmext.v vlg06/dmext.bin 1575952135
MO cmp NULL cmp.v vlg3C/cmp.bin 1575956640
MO pipeline_cmp NULL pipeline_cmp.v vlg6D/pipeline__cmp.bin 1576083590
MO M_controller NULL M_controller.v vlg34/_m__controller.bin 1575958194
MO xlu NULL xlu.v vlg49/xlu.bin 1575828313
MO alu NULL alu.v vlg0A/alu.bin 1575912677
